// Vitest Snapshot v1, https://vitest.dev/guide/snapshot.html

exports[`_EmptyStateComponent > should match snapshot 1`] = `"<div _ngcontent-a-c781882663="" class="align-items-center d-flex empty-state flex-column justify-content-center"><div _ngcontent-a-c781882663="" class="align-items-center d-flex flex-column justify-content-center py-5"><img _ngcontent-a-c781882663="" src="/icons/task-list.svg" alt="List of tasks"><p _ngcontent-a-c781882663="" class="empty-state__title">dashboard.emptyState.title</p><p _ngcontent-a-c781882663="" class="empty-state__description">dashboard.emptyState.description</p></div></div><!--container-->"`;
