// Vitest Snapshot v1, https://vitest.dev/guide/snapshot.html

exports[`_EmptyStateComponent > should match snapshot 1`] = `"<div _ngcontent-a-c4105727914="" class="align-items-center d-flex empty-state flex-column justify-content-center"><img _ngcontent-a-c4105727914="" src="/icons/task-list.svg" alt="List of tasks"><p _ngcontent-a-c4105727914="" class="empty-products__title">Ooops… It’s empty here</p><p _ngcontent-a-c4105727914="" class="empty-products__description">There are no products on the list</p></div>"`;
